Timestamp               Ty Process[PID:TID]
2026-06-13 01:03:37.009 Df Chapterly[47896:4a1bee] [dev.chapterly:smoke-diagnostics] [SMOKE] === Smoke Diagnostics ===
2026-06-13 01:03:37.009 Df Chapterly[47896:4a1bee] [dev.chapterly:smoke-diagnostics] [SMOKE] current_screen=Browse (initial tab)
2026-06-13 01:03:37.010 Df Chapterly[47896:4a1bee] [dev.chapterly:smoke-diagnostics] [SMOKE] browse_url=<nil>
2026-06-13 01:03:37.010 Df Chapterly[47896:4a1bee] [dev.chapterly:smoke-diagnostics] [SMOKE] is_on_collection_page=false
2026-06-13 01:03:37.010 Df Chapterly[47896:4a1bee] [dev.chapterly:smoke-diagnostics] [SMOKE] detected_collection=false
2026-06-13 01:03:37.010 Df Chapterly[47896:4a1bee] [dev.chapterly:smoke-diagnostics] [SMOKE] import_button_visible=false
2026-06-13 01:03:37.010 Df Chapterly[47896:4a1bee] [dev.chapterly:smoke-diagnostics] [SMOKE] import_hidden_reason=no_url_loaded
2026-06-13 01:03:37.010 Df Chapterly[47896:4a1bee] [dev.chapterly:smoke-diagnostics] [SMOKE] imported_count_this_session=0
2026-06-13 01:03:37.010 Df Chapterly[47896:4a1bee] [dev.chapterly:smoke-diagnostics] [SMOKE] import_rejected_count=0
2026-06-13 01:03:37.011 Df Chapterly[47896:4a1bee] [dev.chapterly:smoke-diagnostics] [SMOKE] library_collection_count=4
2026-06-13 01:03:37.011 Df Chapterly[47896:4a1bee] [dev.chapterly:smoke-diagnostics] [SMOKE] === End Smoke Diagnostics ===
2026-06-13 01:03:42.400 Df Chapterly[47896:4a1bee] [dev.chapterly:smoke-diagnostics] [SMOKE] === Smoke Diagnostics ===
2026-06-13 01:03:42.400 Df Chapterly[47896:4a1bee] [dev.chapterly:smoke-diagnostics] [SMOKE] current_screen=Browse (initial tab)
2026-06-13 01:03:42.400 Df Chapterly[47896:4a1bee] [dev.chapterly:smoke-diagnostics] [SMOKE] browse_url=https://www.patreon.com/home
2026-06-13 01:03:42.400 Df Chapterly[47896:4a1bee] [dev.chapterly:smoke-diagnostics] [SMOKE] is_on_collection_page=false
2026-06-13 01:03:42.400 Df Chapterly[47896:4a1bee] [dev.chapterly:smoke-diagnostics] [SMOKE] detected_collection=false
2026-06-13 01:03:42.400 Df Chapterly[47896:4a1bee] [dev.chapterly:smoke-diagnostics] [SMOKE] import_button_visible=false
2026-06-13 01:03:42.400 Df Chapterly[47896:4a1bee] [dev.chapterly:smoke-diagnostics] [SMOKE] import_hidden_reason=url_path_does_not_contain_/collection/
2026-06-13 01:03:42.400 Df Chapterly[47896:4a1bee] [dev.chapterly:smoke-diagnostics] [SMOKE] imported_count_this_session=0
2026-06-13 01:03:42.400 Df Chapterly[47896:4a1bee] [dev.chapterly:smoke-diagnostics] [SMOKE] import_rejected_count=0
2026-06-13 01:03:42.411 Df Chapterly[47896:4a1bee] [dev.chapterly:smoke-diagnostics] [SMOKE] library_collection_count=4
2026-06-13 01:03:42.411 Df Chapterly[47896:4a1bee] [dev.chapterly:smoke-diagnostics] [SMOKE] === End Smoke Diagnostics ===
