Timestamp               Ty Process[PID:TID]
2026-06-12 00:45:48.829 Df Chapterly[84365:2a7dd6] [dev.chapterly:smoke-diagnostics] [SMOKE] === Smoke Diagnostics ===
2026-06-12 00:45:48.829 Df Chapterly[84365:2a7dd6] [dev.chapterly:smoke-diagnostics] [SMOKE] current_screen=Browse (initial tab)
2026-06-12 00:45:48.829 Df Chapterly[84365:2a7dd6] [dev.chapterly:smoke-diagnostics] [SMOKE] browse_url=<nil>
2026-06-12 00:45:48.829 Df Chapterly[84365:2a7dd6] [dev.chapterly:smoke-diagnostics] [SMOKE] is_on_collection_page=false
2026-06-12 00:45:48.829 Df Chapterly[84365:2a7dd6] [dev.chapterly:smoke-diagnostics] [SMOKE] detected_collection=false
2026-06-12 00:45:48.829 Df Chapterly[84365:2a7dd6] [dev.chapterly:smoke-diagnostics] [SMOKE] import_button_visible=false
2026-06-12 00:45:48.829 Df Chapterly[84365:2a7dd6] [dev.chapterly:smoke-diagnostics] [SMOKE] import_hidden_reason=no_url_loaded
2026-06-12 00:45:48.829 Df Chapterly[84365:2a7dd6] [dev.chapterly:smoke-diagnostics] [SMOKE] imported_count_this_session=0
2026-06-12 00:45:48.829 Df Chapterly[84365:2a7dd6] [dev.chapterly:smoke-diagnostics] [SMOKE] import_rejected_count=0
2026-06-12 00:45:48.830 Df Chapterly[84365:2a7dd6] [dev.chapterly:smoke-diagnostics] [SMOKE] library_collection_count=4
2026-06-12 00:45:48.830 Df Chapterly[84365:2a7dd6] [dev.chapterly:smoke-diagnostics] [SMOKE] === End Smoke Diagnostics ===
2026-06-12 00:45:51.566 Df Chapterly[84365:2a7dd6] [dev.chapterly:smoke-diagnostics] [SMOKE] step=auth result=pass
2026-06-12 00:45:51.566 Df Chapterly[84365:2a7dd6] [dev.chapterly:smoke-diagnostics] [SMOKE] step=collection_detect result=pass
2026-06-12 00:45:54.284 Df Chapterly[84365:2a7dd6] [dev.chapterly:smoke-diagnostics] [SMOKE] === Smoke Diagnostics ===
2026-06-12 00:45:54.284 Df Chapterly[84365:2a7dd6] [dev.chapterly:smoke-diagnostics] [SMOKE] current_screen=Browse (initial tab)
2026-06-12 00:45:54.284 Df Chapterly[84365:2a7dd6] [dev.chapterly:smoke-diagnostics] [SMOKE] browse_url=https://www.patreon.com/collection/2123904?view=expanded
2026-06-12 00:45:54.284 Df Chapterly[84365:2a7dd6] [dev.chapterly:smoke-diagnostics] [SMOKE] is_on_collection_page=true
2026-06-12 00:45:54.284 Df Chapterly[84365:2a7dd6] [dev.chapterly:smoke-diagnostics] [SMOKE] detected_collection=false
2026-06-12 00:45:54.284 Df Chapterly[84365:2a7dd6] [dev.chapterly:smoke-diagnostics] [SMOKE] import_button_visible=true
2026-06-12 00:45:54.284 Df Chapterly[84365:2a7dd6] [dev.chapterly:smoke-diagnostics] [SMOKE] imported_count_this_session=0
2026-06-12 00:45:54.284 Df Chapterly[84365:2a7dd6] [dev.chapterly:smoke-diagnostics] [SMOKE] import_rejected_count=0
2026-06-12 00:45:54.287 Df Chapterly[84365:2a7dd6] [dev.chapterly:smoke-diagnostics] [SMOKE] library_collection_count=4
2026-06-12 00:45:54.287 Df Chapterly[84365:2a7dd6] [dev.chapterly:smoke-diagnostics] [SMOKE] === End Smoke Diagnostics ===
2026-06-12 00:45:54.288 Df Chapterly[84365:2a7dd6] [dev.chapterly:smoke-diagnostics] [SMOKE] === Page Links Dump ===
2026-06-12 00:45:54.289 Df Chapterly[84365:2a7dd6] [dev.chapterly:smoke-diagnostics] [SMOKE] link: URL: https://www.patreon.com/collection/2123904?view=expanded
2026-06-12 00:45:54.289 Df Chapterly[84365:2a7dd6] [dev.chapterly:smoke-diagnostics] [SMOKE] link: Title: 陽光普照 | Collection from ocean | 19 posts | Patreon
2026-06-12 00:45:54.289 Df Chapterly[84365:2a7dd6] [dev.chapterly:smoke-diagnostics] [SMOKE] link: Total <a>: 151
2026-06-12 00:45:54.289 Df Chapterly[84365:2a7dd6] [dev.chapterly:smoke-diagnostics] [SMOKE] link: Total <a>[href]: 148
2026-06-12 00:45:54.289 Df Chapterly[84365:2a7dd6] [dev.chapterly:smoke-diagnostics] [SMOKE] link: Match a[href*="/posts/"]: 19
2026-06-12 00:45:54.289 Df Chapterly[84365:2a7dd6] [dev.chapterly:smoke-diagnostics] [SMOKE] link: --- URL path patterns ---
2026-06-12 00:45:54.289 Df Chapterly[84365:2a7dd6] [dev.chapterly:smoke-diagnostics] [SMOKE] link:   /cw/ocean068 (15)
2026-06-12 00:45:54.289 Df Chapterly[84365:2a7dd6] [dev.chapterly:smoke-diagnostics] [SMOKE] link:   /m/ocean068 (4)
2026-06-12 00:45:54.289 Df Chapterly[84365:2a7dd6] [dev.chapterly:smoke-diagnostics] [SMOKE] link:   /cw/ocean068/posts (4)
2026-06-12 00:45:54.289 Df Chapterly[84365:2a7dd6] [dev.chapterly:smoke-diagnostics] [SMOKE] link:   /cw/ocean068/quips (4)
2026-06-12 00:45:54.289 Df Chapterly[84365:2a7dd6] [dev.chapterly:smoke-diagnostics] [SMOKE] link:   /cw/ocean068/collections (4)
2026-06-12 00:45:54.289 Df Chapterly[84365:2a7dd6] [dev.chapterly:smoke-diagnostics] [SMOKE] link:   /cw/ocean068/chats (4)
2026-06-12 00:45:54.289 Df Chapterly[84365:2a7dd6] [dev.chapterly:smoke-diagnostics] [SMOKE] link:   /cw/ocean068/membership (4)
2026-06-12 00:45:54.289 Df Chapterly[84365:2a7dd6] [dev.chapterly:smoke-diagnostics] [SMOKE] link:   /home (3)
2026-06-12 00:45:54.289 Df Chapterly[84365:2a7dd6] [dev.chapterly:smoke-diagnostics] [SMOKE] link:   /messages (3)
2026-06-12 00:45:54.289 Df Chapterly[84365:2a7dd6] [dev.chapterly:smoke-diagnostics] [SMOKE] link:   /notifications (3)
2026-06-12 00:45:54.289 Df Chapterly[84365:2a7dd6] [dev.chapterly:smoke-diagnostics] [SMOKE] link:   /purchases (3)
2026-06-12 00:45:54.289 Df Chapterly[84365:2a7dd6] [dev.chapterly:smoke-diagnostics] [SMOKE] link:   /settings/basics (3)
2026-06-12 00:45:54.289 Df Chapterly[84365:2a7dd6] [dev.chapterly:smoke-diagnostics] [SMOKE] link:   /cw/Crunchless (3)
2026-06-12 00:45:54.289 Df Chapterly[84365:2a7dd6] [dev.chapterly:smoke-diagnostics] [SMOKE] link:   /cw/afterwarddays (3)
2026-06-12 00:45:54.289 Df Chapterly[84365:2a7dd6] [dev.chapterly:smoke-diagnostics] [SMOKE] link:   /cw/Li_dog (3)
2026-06-12 00:45:54.289 Df Chapterly[84365:2a7dd6] [dev.chapterly:smoke-diagnostics] [SMOKE] link:   /cw/Lingyu1992 (3)
2026-06-12 00:45:54.289 Df Chapterly[84365:2a7dd6] [dev.chapterly:smoke-diagnostics] [SMOKE] link:   /cw/RB_herchiww (3)
2026-06-12 00:45:54.289 Df Chapterly[84365:2a7dd6] [dev.chapterly:smoke-diagnostics] [SMOKE] link:   /cw/chpoemo (3)
2026-06-12 00:45:54.289 Df Chapterly[84365:2a7dd6] [dev.chapterly:smoke-diagnostics] [SMOKE] link:   /cw/hi_jamie_de (3)
2026-06-12 00:45:54.289 Df Chapterly[84365:2a7dd6] [dev.chapterly:smoke-diagnostics] [SMOKE] link:   /cw/AmberEmber (3)
2026-06-12 00:45:54.289 Df Chapterly[84365:2a7dd6] [dev.chapterly:smoke-diagnostics] [SMOKE] link:   /cw/ninilawyer (3)
2026-06-12 00:45:54.289 Df Chapterly[84365:2a7dd6] [dev.chapterly:smoke-diagnostics] [SMOKE] link:   /cw/junesiphone (3)
2026-06-12 00:45:54.289 Df Chapterly[84365:2a7dd6] [dev.chapterly:smoke-diagnostics] [SMOKE] link:   /hxxsxxmxx (3)
2026-06-12 00:45:54.289 Df Chapterly[84365:2a7dd6] [dev.chapterly:smoke-diagnostics] [SMOKE] link:   /OnlyForLO (3)
2026-06-12 00:45:54.289 Df Chapterly[84365:2a7dd6] [dev.chapterly:smoke-diagnostics] [SMOKE] link:   /SundaySunAirWater (3)
2026-06-12 00:45:54.289 Df Chapterly[84365:2a7dd6] [dev.chapterly:smoke-diagnostics] [SMOKE] link:   /cw/hyw91 (3)
2026-06-12 00:45:54.289 Df Chapterly[84365:2a7dd6] [dev.chapterly:smoke-diagnostics] [SMOKE] link:   /cw/HelenChan411 (3)
2026-06-12 00:45:54.289 Df Chapterly[84365:2a7dd6] [dev.chapterly:smoke-diagnostics] [SMOKE] link:   /cw/Laina722 (3)
2026-06-12 00:45:54.289 Df Chapterly[84365:2a7dd6] [dev.chapterly:smoke-diagnostics] [SMOKE] link:   /cw/hephaestion77 (3)
2026-06-12 00:45:54.289 Df Chapterly[84365:2a7dd6] [dev.chapterly:smoke-diagnostics] [SMOKE] link:   /Edyiyi06 (3)
2026-06-12 00:45:54.289 Df Chapterly[84365:2a7dd6] [dev.chapterly:smoke-diagnostics] [SMOKE] link:   /cw/mootsai (3)
2026-06-12 00:45:54.289 Df Chapterly[84365:2a7dd6] [dev.chapterly:smoke-diagnostics] [SMOKE] link:   /cw/nightviper (3)
2026-06-12 00:45:54.289 Df Chapterly[84365:2a7dd6] [dev.chapterly:smoke-diagnostics] [SMOKE] link:   /cw/Lingorm_127 (3)
2026-06-12 00:45:54.289 Df Chapterly[84365:2a7dd6] [dev.chapterly:smoke-diagnostics] [SMOKE] link:   /cw/Ksana_1127 (3)
2026-06-12 00:45:54.289 Df Chapterly[84365:2a7dd6] [dev.chapterly:smoke-diagnostics] [SMOKE] link:   /cw/rainball (3)
2026-06-12 00:45:54.289 Df Chapterly[84365:2a7dd6] [dev.chapterly:smoke-diagnostics] [SMOKE] link:   /cw/thesnugcozycabinofcelestia (3)
2026-06-12 00:45:54.289 Df Chapterly[84365:2a7dd6] [dev.chapterly:smoke-diagnostics] [SMOKE] link:   /collection/2123904 (1)
2026-06-12 00:45:54.289 Df Chapterly[84365:2a7dd6] [dev.chapterly:smoke-diagnostics] [SMOKE] link:   / (1)
2026-06-12 00:45:54.290 Df Chapterly[84365:2a7dd6] [dev.chapterly:smoke-diagnostics] [SMOKE] link:   /ocean068 (1)
2026-06-12 00:45:54.290 Df Chapterly[84365:2a7dd6] [dev.chapterly:smoke-diagnostics] [SMOKE] link:   /posts/160628832 (1)
2026-06-12 00:45:54.290 Df Chapterly[84365:2a7dd6] [dev.chapterly:smoke-diagnostics] [SMOKE] link:   /posts/160206289 (1)
2026-06-12 00:45:54.290 Df Chapterly[84365:2a7dd6] [dev.chapterly:smoke-diagnostics] [SMOKE] link:   /posts/160104646 (1)
2026-06-12 00:45:54.290 Df Chapterly[84365:2a7dd6] [dev.chapterly:smoke-diagnostics] [SMOKE] link:   /posts/160019909 (1)
2026-06-12 00:45:54.290 Df Chapterly[84365:2a7dd6] [dev.chapterly:smoke-diagnostics] [SMOKE] link:   /posts/159919210 (1)
2026-06-12 00:45:54.290 Df Chapterly[84365:2a7dd6] [dev.chapterly:smoke-diagnostics] [SMOKE] === End Page Links ===
2026-06-12 00:45:55.155 Df Chapterly[84365:2a7dd6] [dev.chapterly:smoke-diagnostics] [SMOKE] import_payload_batch_count=19
2026-06-12 00:45:55.155 Df Chapterly[84365:2a7dd6] [dev.chapterly:smoke-diagnostics] [SMOKE] import_store_collection_count=4
2026-06-12 00:45:55.331 Df Chapterly[84365:2a7dd6] [dev.chapterly:smoke-diagnostics] [SMOKE] step=import result=pass
2026-06-12 00:45:57.450 Df Chapterly[84365:2a7dd6] [dev.chapterly:smoke-diagnostics] [SMOKE] step=open_reader result=pass
2026-06-12 00:45:57.751 Df Chapterly[84365:2a7dd6] [dev.chapterly:smoke-diagnostics] [SMOKE] step=reader_css result=pass
2026-06-12 00:45:57.754 Df Chapterly[84365:2a7dd6] [dev.chapterly:smoke-diagnostics] [SMOKE] step=progress_save result=pass
2026-06-12 00:45:57.755 Df Chapterly[84365:2a7dd6] [dev.chapterly:smoke-diagnostics] [SMOKE] autopilot=complete pass=6 fail=0
2026-06-12 00:45:58.351 Df Chapterly[84365:2a7dd6] [dev.chapterly:smoke-diagnostics] [SMOKE] progress_payload_received matched=true value=0.484323
2026-06-12 00:45:59.592 Df Chapterly[84365:2a7dd6] [dev.chapterly:smoke-diagnostics] [SMOKE] === Smoke Diagnostics ===
2026-06-12 00:45:59.592 Df Chapterly[84365:2a7dd6] [dev.chapterly:smoke-diagnostics] [SMOKE] current_screen=Browse (initial tab)
2026-06-12 00:45:59.592 Df Chapterly[84365:2a7dd6] [dev.chapterly:smoke-diagnostics] [SMOKE] browse_url=https://www.patreon.com/collection/2123904?view=expanded
2026-06-12 00:45:59.592 Df Chapterly[84365:2a7dd6] [dev.chapterly:smoke-diagnostics] [SMOKE] is_on_collection_page=true
2026-06-12 00:45:59.592 Df Chapterly[84365:2a7dd6] [dev.chapterly:smoke-diagnostics] [SMOKE] detected_collection=false
2026-06-12 00:45:59.592 Df Chapterly[84365:2a7dd6] [dev.chapterly:smoke-diagnostics] [SMOKE] import_button_visible=true
2026-06-12 00:45:59.592 Df Chapterly[84365:2a7dd6] [dev.chapterly:smoke-diagnostics] [SMOKE] imported_count_this_session=19
2026-06-12 00:45:59.592 Df Chapterly[84365:2a7dd6] [dev.chapterly:smoke-diagnostics] [SMOKE] import_rejected_count=0
2026-06-12 00:45:59.592 Df Chapterly[84365:2a7dd6] [dev.chapterly:smoke-diagnostics] [SMOKE] library_collection_count=4
2026-06-12 00:45:59.592 Df Chapterly[84365:2a7dd6] [dev.chapterly:smoke-diagnostics] [SMOKE] === End Smoke Diagnostics ===
2026-06-12 00:45:59.595 Df Chapterly[84365:2a7dd6] [dev.chapterly:smoke-diagnostics] [SMOKE] === Page Links Dump ===
2026-06-12 00:45:59.595 Df Chapterly[84365:2a7dd6] [dev.chapterly:smoke-diagnostics] [SMOKE] link: URL: https://www.patreon.com/collection/2123904?view=expanded
2026-06-12 00:45:59.595 Df Chapterly[84365:2a7dd6] [dev.chapterly:smoke-diagnostics] [SMOKE] link: Title: 陽光普照 | Collection from ocean | 19 posts | Patreon
2026-06-12 00:45:59.595 Df Chapterly[84365:2a7dd6] [dev.chapterly:smoke-diagnostics] [SMOKE] link: Total <a>: 151
2026-06-12 00:45:59.595 Df Chapterly[84365:2a7dd6] [dev.chapterly:smoke-diagnostics] [SMOKE] link: Total <a>[href]: 148
2026-06-12 00:45:59.595 Df Chapterly[84365:2a7dd6] [dev.chapterly:smoke-diagnostics] [SMOKE] link: Match a[href*="/posts/"]: 19
2026-06-12 00:45:59.595 Df Chapterly[84365:2a7dd6] [dev.chapterly:smoke-diagnostics] [SMOKE] link: --- URL path patterns ---
2026-06-12 00:45:59.595 Df Chapterly[84365:2a7dd6] [dev.chapterly:smoke-diagnostics] [SMOKE] link:   /cw/ocean068 (15)
2026-06-12 00:45:59.595 Df Chapterly[84365:2a7dd6] [dev.chapterly:smoke-diagnostics] [SMOKE] link:   /m/ocean068 (4)
2026-06-12 00:45:59.595 Df Chapterly[84365:2a7dd6] [dev.chapterly:smoke-diagnostics] [SMOKE] link:   /cw/ocean068/posts (4)
2026-06-12 00:45:59.595 Df Chapterly[84365:2a7dd6] [dev.chapterly:smoke-diagnostics] [SMOKE] link:   /cw/ocean068/quips (4)
2026-06-12 00:45:59.595 Df Chapterly[84365:2a7dd6] [dev.chapterly:smoke-diagnostics] [SMOKE] link:   /cw/ocean068/collections (4)
2026-06-12 00:45:59.595 Df Chapterly[84365:2a7dd6] [dev.chapterly:smoke-diagnostics] [SMOKE] link:   /cw/ocean068/chats (4)
2026-06-12 00:45:59.595 Df Chapterly[84365:2a7dd6] [dev.chapterly:smoke-diagnostics] [SMOKE] link:   /cw/ocean068/membership (4)
2026-06-12 00:45:59.595 Df Chapterly[84365:2a7dd6] [dev.chapterly:smoke-diagnostics] [SMOKE] link:   /home (3)
2026-06-12 00:45:59.596 Df Chapterly[84365:2a7dd6] [dev.chapterly:smoke-diagnostics] [SMOKE] link:   /messages (3)
2026-06-12 00:45:59.596 Df Chapterly[84365:2a7dd6] [dev.chapterly:smoke-diagnostics] [SMOKE] link:   /notifications (3)
2026-06-12 00:45:59.596 Df Chapterly[84365:2a7dd6] [dev.chapterly:smoke-diagnostics] [SMOKE] link:   /purchases (3)
2026-06-12 00:45:59.596 Df Chapterly[84365:2a7dd6] [dev.chapterly:smoke-diagnostics] [SMOKE] link:   /settings/basics (3)
2026-06-12 00:45:59.596 Df Chapterly[84365:2a7dd6] [dev.chapterly:smoke-diagnostics] [SMOKE] link:   /cw/Crunchless (3)
2026-06-12 00:45:59.596 Df Chapterly[84365:2a7dd6] [dev.chapterly:smoke-diagnostics] [SMOKE] link:   /cw/afterwarddays (3)
2026-06-12 00:45:59.596 Df Chapterly[84365:2a7dd6] [dev.chapterly:smoke-diagnostics] [SMOKE] link:   /cw/Li_dog (3)
2026-06-12 00:45:59.596 Df Chapterly[84365:2a7dd6] [dev.chapterly:smoke-diagnostics] [SMOKE] link:   /cw/Lingyu1992 (3)
2026-06-12 00:45:59.596 Df Chapterly[84365:2a7dd6] [dev.chapterly:smoke-diagnostics] [SMOKE] link:   /cw/RB_herchiww (3)
2026-06-12 00:45:59.596 Df Chapterly[84365:2a7dd6] [dev.chapterly:smoke-diagnostics] [SMOKE] link:   /cw/chpoemo (3)
2026-06-12 00:45:59.596 Df Chapterly[84365:2a7dd6] [dev.chapterly:smoke-diagnostics] [SMOKE] link:   /cw/hi_jamie_de (3)
2026-06-12 00:45:59.596 Df Chapterly[84365:2a7dd6] [dev.chapterly:smoke-diagnostics] [SMOKE] link:   /cw/AmberEmber (3)
2026-06-12 00:45:59.596 Df Chapterly[84365:2a7dd6] [dev.chapterly:smoke-diagnostics] [SMOKE] link:   /cw/ninilawyer (3)
2026-06-12 00:45:59.596 Df Chapterly[84365:2a7dd6] [dev.chapterly:smoke-diagnostics] [SMOKE] link:   /cw/junesiphone (3)
2026-06-12 00:45:59.596 Df Chapterly[84365:2a7dd6] [dev.chapterly:smoke-diagnostics] [SMOKE] link:   /hxxsxxmxx (3)
2026-06-12 00:45:59.596 Df Chapterly[84365:2a7dd6] [dev.chapterly:smoke-diagnostics] [SMOKE] link:   /OnlyForLO (3)
2026-06-12 00:45:59.596 Df Chapterly[84365:2a7dd6] [dev.chapterly:smoke-diagnostics] [SMOKE] link:   /SundaySunAirWater (3)
2026-06-12 00:45:59.596 Df Chapterly[84365:2a7dd6] [dev.chapterly:smoke-diagnostics] [SMOKE] link:   /cw/hyw91 (3)
2026-06-12 00:45:59.596 Df Chapterly[84365:2a7dd6] [dev.chapterly:smoke-diagnostics] [SMOKE] link:   /cw/HelenChan411 (3)
2026-06-12 00:45:59.596 Df Chapterly[84365:2a7dd6] [dev.chapterly:smoke-diagnostics] [SMOKE] link:   /cw/Laina722 (3)
2026-06-12 00:45:59.596 Df Chapterly[84365:2a7dd6] [dev.chapterly:smoke-diagnostics] [SMOKE] link:   /cw/hephaestion77 (3)
2026-06-12 00:45:59.596 Df Chapterly[84365:2a7dd6] [dev.chapterly:smoke-diagnostics] [SMOKE] link:   /Edyiyi06 (3)
2026-06-12 00:45:59.596 Df Chapterly[84365:2a7dd6] [dev.chapterly:smoke-diagnostics] [SMOKE] link:   /cw/mootsai (3)
2026-06-12 00:45:59.596 Df Chapterly[84365:2a7dd6] [dev.chapterly:smoke-diagnostics] [SMOKE] link:   /cw/nightviper (3)
2026-06-12 00:45:59.596 Df Chapterly[84365:2a7dd6] [dev.chapterly:smoke-diagnostics] [SMOKE] link:   /cw/Lingorm_127 (3)
2026-06-12 00:45:59.596 Df Chapterly[84365:2a7dd6] [dev.chapterly:smoke-diagnostics] [SMOKE] link:   /cw/Ksana_1127 (3)
2026-06-12 00:45:59.596 Df Chapterly[84365:2a7dd6] [dev.chapterly:smoke-diagnostics] [SMOKE] link:   /cw/rainball (3)
2026-06-12 00:45:59.596 Df Chapterly[84365:2a7dd6] [dev.chapterly:smoke-diagnostics] [SMOKE] link:   /cw/thesnugcozycabinofcelestia (3)
2026-06-12 00:45:59.596 Df Chapterly[84365:2a7dd6] [dev.chapterly:smoke-diagnostics] [SMOKE] link:   /collection/2123904 (1)
2026-06-12 00:45:59.596 Df Chapterly[84365:2a7dd6] [dev.chapterly:smoke-diagnostics] [SMOKE] link:   / (1)
2026-06-12 00:45:59.596 Df Chapterly[84365:2a7dd6] [dev.chapterly:smoke-diagnostics] [SMOKE] link:   /ocean068 (1)
2026-06-12 00:45:59.596 Df Chapterly[84365:2a7dd6] [dev.chapterly:smoke-diagnostics] [SMOKE] link:   /posts/160628832 (1)
2026-06-12 00:45:59.596 Df Chapterly[84365:2a7dd6] [dev.chapterly:smoke-diagnostics] [SMOKE] link:   /posts/160206289 (1)
2026-06-12 00:45:59.596 Df Chapterly[84365:2a7dd6] [dev.chapterly:smoke-diagnostics] [SMOKE] link:   /posts/160104646 (1)
2026-06-12 00:45:59.596 Df Chapterly[84365:2a7dd6] [dev.chapterly:smoke-diagnostics] [SMOKE] link:   /posts/160019909 (1)
2026-06-12 00:45:59.596 Df Chapterly[84365:2a7dd6] [dev.chapterly:smoke-diagnostics] [SMOKE] link:   /posts/159919210 (1)
2026-06-12 00:45:59.596 Df Chapterly[84365:2a7dd6] [dev.chapterly:smoke-diagnostics] [SMOKE] === End Page Links ===
