Command line invocation:
    /Applications/Xcode.app/Contents/Developer/usr/bin/xcodebuild build -project Chapterly.xcodeproj -scheme Chapterly -destination "platform=iOS Simulator,id=FBD16215-2987-4908-8987-D7178ECD7B19" -configuration Debug CODE_SIGNING_ALLOWED=NO

Build settings from command line:
    CODE_SIGNING_ALLOWED = NO

Resolve Package Graph


Resolved source packages:
  ChapterlyCore: /Users/shane_yeh/Projects/Chapterly/ChapterlyCore

2026-06-11 02:40:28.199 xcodebuild[8931:1315968] [MT] IDERunDestination: Supported platforms for the buildables in the current scheme is empty.
ComputePackagePrebuildTargetDependencyGraph

Prepare packages

CreateBuildRequest

SendProjectDescription

CreateBuildOperation

ComputeTargetDependencyGraph
note: Building targets in dependency order
note: Target dependency graph (4 targets)
    Target 'Chapterly' in project 'Chapterly'
        ➜ Explicit dependency on target 'ChapterlyCore' in project 'ChapterlyCore'
    Target 'ChapterlyCore' in project 'ChapterlyCore'
        ➜ Explicit dependency on target 'ChapterlyCore' in project 'ChapterlyCore'
        ➜ Explicit dependency on target 'ChapterlyCore_ChapterlyCore' in project 'ChapterlyCore'
    Target 'ChapterlyCore' in project 'ChapterlyCore'
        ➜ Explicit dependency on target 'ChapterlyCore_ChapterlyCore' in project 'ChapterlyCore'
    Target 'ChapterlyCore_ChapterlyCore' in project 'ChapterlyCore' (no dependencies)

GatherProvisioningInputs

CreateBuildDescription

ClangStatCache /Applications/Xcode.app/Contents/Developer/Toolchains/XcodeDefault.xctoolchain/usr/bin/clang-stat-cache /Applications/Xcode.app/Contents/Developer/Platforms/iPhoneSimulator.platform/Developer/SDKs/iPhoneSimulator26.5.sdk /Users/shane_yeh/Library/Developer/Xcode/DerivedData/SDKStatCaches.noindex/iphonesimulator26.5-23F73-6cfe768891a92b912361537c460fe42b.sdkstatcache
    cd /Users/shane_yeh/Projects/Chapterly/Chapterly.xcodeproj
    /Applications/Xcode.app/Contents/Developer/Toolchains/XcodeDefault.xctoolchain/usr/bin/clang-stat-cache /Applications/Xcode.app/Contents/Developer/Platforms/iPhoneSimulator.platform/Developer/SDKs/iPhoneSimulator26.5.sdk -o /Users/shane_yeh/Library/Developer/Xcode/DerivedData/SDKStatCaches.noindex/iphonesimulator26.5-23F73-6cfe768891a92b912361537c460fe42b.sdkstatcache

ProcessInfoPlistFile /Users/shane_yeh/Library/Developer/Xcode/DerivedData/Chapterly-ekoekowzpgqewzanaetwqgkjsoza/Build/Products/Debug-iphonesimulator/ChapterlyCore_ChapterlyCore.bundle/Info.plist /Users/shane_yeh/Library/Developer/Xcode/DerivedData/Chapterly-ekoekowzpgqewzanaetwqgkjsoza/Build/Intermediates.noindex/ChapterlyCore.build/Debug-iphonesimulator/ChapterlyCore_ChapterlyCore.build/empty-ChapterlyCore_ChapterlyCore.plist (in target 'ChapterlyCore_ChapterlyCore' from project 'ChapterlyCore')
    cd /Users/shane_yeh/Projects/Chapterly/ChapterlyCore
    builtin-infoPlistUtility /Users/shane_yeh/Library/Developer/Xcode/DerivedData/Chapterly-ekoekowzpgqewzanaetwqgkjsoza/Build/Intermediates.noindex/ChapterlyCore.build/Debug-iphonesimulator/ChapterlyCore_ChapterlyCore.build/empty-ChapterlyCore_ChapterlyCore.plist -producttype com.apple.product-type.bundle -expandbuildsettings -format binary -platform iphonesimulator -o /Users/shane_yeh/Library/Developer/Xcode/DerivedData/Chapterly-ekoekowzpgqewzanaetwqgkjsoza/Build/Products/Debug-iphonesimulator/ChapterlyCore_ChapterlyCore.bundle/Info.plist

ProcessInfoPlistFile /Users/shane_yeh/Library/Developer/Xcode/DerivedData/Chapterly-ekoekowzpgqewzanaetwqgkjsoza/Build/Products/Debug-iphonesimulator/Chapterly.app/Info.plist /Users/shane_yeh/Projects/Chapterly/App/Info.plist (in target 'Chapterly' from project 'Chapterly')
    cd /Users/shane_yeh/Projects/Chapterly
    builtin-infoPlistUtility /Users/shane_yeh/Projects/Chapterly/App/Info.plist -producttype com.apple.product-type.application -genpkginfo /Users/shane_yeh/Library/Developer/Xcode/DerivedData/Chapterly-ekoekowzpgqewzanaetwqgkjsoza/Build/Products/Debug-iphonesimulator/Chapterly.app/PkgInfo -expandbuildsettings -format binary -platform iphonesimulator -scanforprivacyfile /Users/shane_yeh/Library/Developer/Xcode/DerivedData/Chapterly-ekoekowzpgqewzanaetwqgkjsoza/Build/Products/Debug-iphonesimulator/Chapterly.app/ChapterlyCore_ChapterlyCore.bundle -o /Users/shane_yeh/Library/Developer/Xcode/DerivedData/Chapterly-ekoekowzpgqewzanaetwqgkjsoza/Build/Products/Debug-iphonesimulator/Chapterly.app/Info.plist

CopySwiftLibs /Users/shane_yeh/Library/Developer/Xcode/DerivedData/Chapterly-ekoekowzpgqewzanaetwqgkjsoza/Build/Products/Debug-iphonesimulator/Chapterly.app (in target 'Chapterly' from project 'Chapterly')
    cd /Users/shane_yeh/Projects/Chapterly
    builtin-swiftStdLibTool --copy --verbose --scan-executable /Users/shane_yeh/Library/Developer/Xcode/DerivedData/Chapterly-ekoekowzpgqewzanaetwqgkjsoza/Build/Products/Debug-iphonesimulator/Chapterly.app/Chapterly.debug.dylib --scan-folder /Users/shane_yeh/Library/Developer/Xcode/DerivedData/Chapterly-ekoekowzpgqewzanaetwqgkjsoza/Build/Products/Debug-iphonesimulator/Chapterly.app/Frameworks --scan-folder /Users/shane_yeh/Library/Developer/Xcode/DerivedData/Chapterly-ekoekowzpgqewzanaetwqgkjsoza/Build/Products/Debug-iphonesimulator/Chapterly.app/PlugIns --scan-folder /Users/shane_yeh/Library/Developer/Xcode/DerivedData/Chapterly-ekoekowzpgqewzanaetwqgkjsoza/Build/Products/Debug-iphonesimulator/Chapterly.app/SystemExtensions --scan-folder /Users/shane_yeh/Library/Developer/Xcode/DerivedData/Chapterly-ekoekowzpgqewzanaetwqgkjsoza/Build/Products/Debug-iphonesimulator/Chapterly.app/Extensions --platform iphonesimulator --toolchain /Applications/Xcode.app/Contents/Developer/Toolchains/XcodeDefault.xctoolchain --destination /Users/shane_yeh/Library/Developer/Xcode/DerivedData/Chapterly-ekoekowzpgqewzanaetwqgkjsoza/Build/Products/Debug-iphonesimulator/Chapterly.app/Frameworks --strip-bitcode --strip-bitcode-tool /Applications/Xcode.app/Contents/Developer/Toolchains/XcodeDefault.xctoolchain/usr/bin/bitcode_strip --emit-dependency-info /Users/shane_yeh/Library/Developer/Xcode/DerivedData/Chapterly-ekoekowzpgqewzanaetwqgkjsoza/Build/Intermediates.noindex/Chapterly.build/Debug-iphonesimulator/Chapterly.build/SwiftStdLibToolInputDependencies.dep --filter-for-swift-os
Ignoring --strip-bitcode because --sign was not passed

** BUILD SUCCEEDED **

