=== Preflight Checks ===
Date: Fri Jun 12 00:02:04 CEST 2026
Project: /Users/shane_yeh/Projects/Chapterly

--- Check: Xcode toolchain ---
xcode-select -p: /Applications/Xcode.app/Contents/Developer
xcodebuild -version: Xcode 26.5
Build version 17F42
xcrun --version: xcrun version 72.

--- Check: Project generation ---
Found project.yml — this is an XcodeGen project
xcodegen --version: Version: 2.45.4
Running: xcodegen generate
xcodegen generate OK

--- Check: Xcode project ---
Found Chapterly.xcodeproj
Running: xcodebuild -list
Available schemes: Chapterly
ChapterlyCore
Scheme "Chapterly" found

--- Check: Simulator ---
Booted simulator: iPhone 17 Pro (FBD16215-2987-4908-8987-D7178ECD7B19)

=== Preflight PASSED ===
  Xcode:     Xcode 26.5
Build version 17F42
  XcodeGen:  required, OK
  Project:   Chapterly.xcodeproj
  Scheme:    Chapterly
  Simulator: iPhone 17 Pro (FBD16215-2987-4908-8987-D7178ECD7B19)

=== preflight-only mode: stopping after preflight ===
